// Jest Snapshot v1, https://goo.gl/fbAQLP

exports[`generateBreadcrumbs generates breadcrumbs structured data 1`] = `"{\\"@context\\":\\"https://schema.org/\\",\\"@type\\":\\"BreadcrumbList\\",\\"itemListElement\\":[{\\"@type\\":\\"ListItem\\",\\"position\\":1,\\"name\\":\\"home\\",\\"item\\":\\"https://khendrikse.github.io/\\"},{\\"@type\\":\\"ListItem\\",\\"position\\":2,\\"name\\":\\"a name\\",\\"item\\":\\"https://khendrikse.github.io/thing\\"}]}"`;

exports[`generateBreadcrumbs generates breadcrumbs structured data with only home 1`] = `"{\\"@context\\":\\"https://schema.org/\\",\\"@type\\":\\"BreadcrumbList\\",\\"itemListElement\\":[{\\"@type\\":\\"ListItem\\",\\"position\\":1,\\"name\\":\\"home\\",\\"item\\":\\"https://khendrikse.github.io/\\"}]}"`;
